root@OpenWrt:~# cat /proc/mtd
dev:    size   erasesize  name
mtd0:  00030000 00010000 "boot"
mtd1:  00010000 00010000 "boot-env"
mtd2:  00010000 00010000 "factory"
mtd3:  00010000 00010000 "config"
mtd4:  00010000 00010000 "isp_config"
mtd5:  00010000 00010000 "rom_file"
mtd6:  00010000 00010000 "cloud"
mtd7:  00020000 00010000 "radio"
mtd8:  00010000 00010000 "config_bak"
mtd9:  00f30000 00010000 "firmware"
mtd10: 003e0000 00010000 "kernel"
mtd11: 00b50000 00010000 "rootfs"
mtd12: 00040000 00010000 "rootfs_data"

root@OpenWrt:~# nc -h
BusyBox v1.37.0 (2026-01-02 17:07:02 UTC) multi-call binary.

Usage: nc [IPADDR PORT]

Open a pipe to IP:PORT

root@OpenWrt:~# /tmp/send.sh
==> Sending mtd0 (boot)...
==> Sending mtd1 (boot-env)...
==> Sending mtd2 (factory)...
==> Sending mtd3 (config)...
==> Sending mtd4 (isp_config)...
==> Sending mtd5 (rom_file)...
==> Sending mtd6 (cloud)...
==> Sending mtd7 (radio)...
==> Sending mtd8 (config_bak)...
==> Sending mtd9 (firmware)...
==> Sending mtd10 (kernel)...
==> Sending mtd11 (rootfs)...
==> Sending mtd12 (rootfs_data)...
All MTDs sent.
